     1                                  section .text
     2                                  global removerng
     3                                  
     4                                  removerng:
     5                                      ; prologue
     6 00000000 55                          push ebp
     7 00000001 89E5                        mov ebp, esp
     8                                  
     9 00000003 8B5508                      mov edx, [ebp + 8]
    10 00000006 89D1                        mov ecx, edx
    11                                  
    12                                  nextchar:
    13 00000008 8A02                        mov al, [edx]
    14 0000000A 42                          inc edx
    15                                  
    16 0000000B 84C0                        test al, al
    17 0000000D 7411                        jz done
    18                                  
    19 0000000F 3A450C                      cmp al, [ebp + 12]
    20 00000012 7C07                        jl savechar
    21                                  
    22 00000014 3A4510                      cmp al, [ebp + 16]
    23 00000017 7F02                        jg savechar
    24                                  
    25                                  
    26 00000019 EBED                        jmp nextchar
    27                                  
    28                                  savechar:
    29 0000001B 8801                        mov [ecx], al
    30 0000001D 41                          inc ecx
    31 0000001E EBE8                        jmp nextchar
    32                                  
    33                                  done:
    34 00000020 C60100                      mov byte [ecx], 0
    35 00000023 8B4508                      mov eax, [ebp + 8]
    36 00000026 5D                          pop ebp
    37 00000027 C3                          ret
